../Core/Src/main.c:80:5:main	8	static
../Core/Src/main.c:131:6:SystemClock_Config	96	static
../Core/Src/main.c:181:13:MX_SAI1_Init	8	static
../Core/Src/main.c:216:13:MX_SPI2_Init	8	static
../Core/Src/main.c:256:13:MX_USART2_UART_Init	8	static
../Core/Src/main.c:289:13:MX_DMA_Init	16	static
../Core/Src/main.c:307:13:MX_GPIO_Init	48	static
../Core/Src/main.c:347:6:HAL_GPIO_EXTI_Callback	40	static
../Core/Src/main.c:380:6:HAL_SAI_RxCpltCallback	24	static
../Core/Src/main.c:403:6:Error_Handler	4	static,ignoring_inline_asm
