Archive member included to satisfy reference by file (symbol)

C:/ST/STM32CubeIDE_2.1.1/STM32CubeIDE/plugins/com.st.stm32cube.ide.mcu.externaltools.gnu-tools-for-stm32.14.3.rel1.win32_1.0.100.202602081740/tools/bin/../lib/gcc/arm-none-eabi/14.3.1/../../../../arm-none-eabi/lib/thumb/v7e-m+fp/hard\libc_nano.a(libc_a-exit.o)
                              C:/ST/STM32CubeIDE_2.1.1/STM32CubeIDE/plugins/com.st.stm32cube.ide.mcu.externaltools.gnu-tools-for-stm32.14.3.rel1.win32_1.0.100.202602081740/tools/bin/../lib/gcc/arm-none-eabi/14.3.1/../../../../arm-none-eabi/lib/thumb/v7e-m+fp/hard/crt0.o (exit)
C:/ST/STM32CubeIDE_2.1.1/STM32CubeIDE/plugins/com.st.stm32cube.ide.mcu.externaltools.gnu-tools-for-stm32.14.3.rel1.win32_1.0.100.202602081740/tools/bin/../lib/gcc/arm-none-eabi/14.3.1/../../../../arm-none-eabi/lib/thumb/v7e-m+fp/hard\libc_nano.a(libc_a-findfp.o)
                              C:/ST/STM32CubeIDE_2.1.1/STM32CubeIDE/plugins/com.st.stm32cube.ide.mcu.externaltools.gnu-tools-for-stm32.14.3.rel1.win32_1.0.100.202602081740/tools/bin/../lib/gcc/arm-none-eabi/14.3.1/../../../../arm-none-eabi/lib/thumb/v7e-m+fp/hard\libc_nano.a(libc_a-exit.o) (__stdio_exit_handler)
C:/ST/STM32CubeIDE_2.1.1/STM32CubeIDE/plugins/com.st.stm32cube.ide.mcu.externaltools.gnu-tools-for-stm32.14.3.rel1.win32_1.0.100.202602081740/tools/bin/../lib/gcc/arm-none-eabi/14.3.1/../../../../arm-none-eabi/lib/thumb/v7e-m+fp/hard\libc_nano.a(libc_a-fwalk.o)
                              C:/ST/STM32CubeIDE_2.1.1/STM32CubeIDE/plugins/com.st.stm32cube.ide.mcu.externaltools.gnu-tools-for-stm32.14.3.rel1.win32_1.0.100.202602081740/tools/bin/../lib/gcc/arm-none-eabi/14.3.1/../../../../arm-none-eabi/lib/thumb/v7e-m+fp/hard\libc_nano.a(libc_a-findfp.o) (_fwalk_sglue)
C:/ST/STM32CubeIDE_2.1.1/STM32CubeIDE/plugins/com.st.stm32cube.ide.mcu.externaltools.gnu-tools-for-stm32.14.3.rel1.win32_1.0.100.202602081740/tools/bin/../lib/gcc/arm-none-eabi/14.3.1/../../../../arm-none-eabi/lib/thumb/v7e-m+fp/hard\libc_nano.a(libc_a-stdio.o)
                              C:/ST/STM32CubeIDE_2.1.1/STM32CubeIDE/plugins/com.st.stm32cube.ide.mcu.externaltools.gnu-tools-for-stm32.14.3.rel1.win32_1.0.100.202602081740/tools/bin/../lib/gcc/arm-none-eabi/14.3.1/../../../../arm-none-eabi/lib/thumb/v7e-m+fp/hard\libc_nano.a(libc_a-findfp.o) (__sread)
C:/ST/STM32CubeIDE_2.1.1/STM32CubeIDE/plugins/com.st.stm32cube.ide.mcu.externaltools.gnu-tools-for-stm32.14.3.rel1.win32_1.0.100.202602081740/tools/bin/../lib/gcc/arm-none-eabi/14.3.1/../../../../arm-none-eabi/lib/thumb/v7e-m+fp/hard\libc_nano.a(libc_a-memset.o)
                              C:/ST/STM32CubeIDE_2.1.1/STM32CubeIDE/plugins/com.st.stm32cube.ide.mcu.externaltools.gnu-tools-for-stm32.14.3.rel1.win32_1.0.100.202602081740/tools/bin/../lib/gcc/arm-none-eabi/14.3.1/../../../../arm-none-eabi/lib/thumb/v7e-m+fp/hard/crt0.o (memset)
C:/ST/STM32CubeIDE_2.1.1/STM32CubeIDE/plugins/com.st.stm32cube.ide.mcu.externaltools.gnu-tools-for-stm32.14.3.rel1.win32_1.0.100.202602081740/tools/bin/../lib/gcc/arm-none-eabi/14.3.1/../../../../arm-none-eabi/lib/thumb/v7e-m+fp/hard\libc_nano.a(libc_a-closer.o)
                              C:/ST/STM32CubeIDE_2.1.1/STM32CubeIDE/plugins/com.st.stm32cube.ide.mcu.externaltools.gnu-tools-for-stm32.14.3.rel1.win32_1.0.100.202602081740/tools/bin/../lib/gcc/arm-none-eabi/14.3.1/../../../../arm-none-eabi/lib/thumb/v7e-m+fp/hard\libc_nano.a(libc_a-stdio.o) (_close_r)
C:/ST/STM32CubeIDE_2.1.1/STM32CubeIDE/plugins/com.st.stm32cube.ide.mcu.externaltools.gnu-tools-for-stm32.14.3.rel1.win32_1.0.100.202602081740/tools/bin/../lib/gcc/arm-none-eabi/14.3.1/../../../../arm-none-eabi/lib/thumb/v7e-m+fp/hard\libc_nano.a(libc_a-reent.o)
                              C:/ST/STM32CubeIDE_2.1.1/STM32CubeIDE/plugins/com.st.stm32cube.ide.mcu.externaltools.gnu-tools-for-stm32.14.3.rel1.win32_1.0.100.202602081740/tools/bin/../lib/gcc/arm-none-eabi/14.3.1/../../../../arm-none-eabi/lib/thumb/v7e-m+fp/hard\libc_nano.a(libc_a-closer.o) (errno)
C:/ST/STM32CubeIDE_2.1.1/STM32CubeIDE/plugins/com.st.stm32cube.ide.mcu.externaltools.gnu-tools-for-stm32.14.3.rel1.win32_1.0.100.202602081740/tools/bin/../lib/gcc/arm-none-eabi/14.3.1/../../../../arm-none-eabi/lib/thumb/v7e-m+fp/hard\libc_nano.a(libc_a-impure.o)
                              C:/ST/STM32CubeIDE_2.1.1/STM32CubeIDE/plugins/com.st.stm32cube.ide.mcu.externaltools.gnu-tools-for-stm32.14.3.rel1.win32_1.0.100.202602081740/tools/bin/../lib/gcc/arm-none-eabi/14.3.1/../../../../arm-none-eabi/lib/thumb/v7e-m+fp/hard\libc_nano.a(libc_a-reent.o) (_impure_ptr)
C:/ST/STM32CubeIDE_2.1.1/STM32CubeIDE/plugins/com.st.stm32cube.ide.mcu.externaltools.gnu-tools-for-stm32.14.3.rel1.win32_1.0.100.202602081740/tools/bin/../lib/gcc/arm-none-eabi/14.3.1/../../../../arm-none-eabi/lib/thumb/v7e-m+fp/hard\libc_nano.a(libc_a-lseekr.o)
[...]
Memory Configuration

Name             Origin             Length             Attributes
RAM              0x20000000         0x00018000         xrw
RAM2             0x10000000         0x00008000         xrw
FLASH            0x08000000         0x00100000         xr
*default*        0x00000000         0xffffffff

Linker script and memory map

LOAD C:/ST/STM32CubeIDE_2.1.1/STM32CubeIDE/plugins/com.st.stm32cube.ide.mcu.externaltools.gnu-tools-for-stm32.14.3.rel1.win32_1.0.100.202602081740/tools/bin/../lib/gcc/arm-none-eabi/14.3.1/thumb/v7e-m+fp/hard/crti.o
LOAD C:/ST/STM32CubeIDE_2.1.1/STM32CubeIDE/plugins/com.st.stm32cube.ide.mcu.externaltools.gnu-tools-for-stm32.14.3.rel1.win32_1.0.100.202602081740/tools/bin/../lib/gcc/arm-none-eabi/14.3.1/thumb/v7e-m+fp/hard/crtbegin.o
LOAD C:/ST/STM32CubeIDE_2.1.1/STM32CubeIDE/plugins/com.st.stm32cube.ide.mcu.externaltools.gnu-tools-for-stm32.14.3.rel1.win32_1.0.100.202602081740/tools/bin/../lib/gcc/arm-none-eabi/14.3.1/../../../../arm-none-eabi/lib/thumb/v7e-m+fp/hard/crt0.o
LOAD ./Core/Src/main.o
LOAD ./Core/Src/stm32l4xx_hal_msp.o
LOAD ./Core/Src/stm32l4xx_it.o
LOAD ./Core/Src/syscalls.o
LOAD ./Core/Src/sysmem.o
LOAD ./Core/Src/system_stm32l4xx.o
LOAD ./Core/Startup/startup_stm32l476rgtx.o
LOAD ./Drivers/STM32L4xx_HAL_Driver/Src/stm32l4xx_hal.o
LOAD ./Drivers/STM32L4xx_HAL_Driver/Src/stm32l4xx_hal_cortex.o
LOAD ./Drivers/STM32L4xx_HAL_Driver/Src/stm32l4xx_hal_dma.o
LOAD ./Drivers/STM32L4xx_HAL_Driver/Src/stm32l4xx_hal_dma_ex.o
LOAD ./Drivers/STM32L4xx_HAL_Driver/Src/stm32l4xx_hal_exti.o
LOAD ./Drivers/STM32L4xx_HAL_Driver/Src/stm32l4xx_hal_flash.o
LOAD ./Drivers/STM32L4xx_HAL_Driver/Src/stm32l4xx_hal_flash_ex.o
LOAD ./Drivers/STM32L4xx_HAL_Driver/Src/stm32l4xx_hal_flash_ramfunc.o
LOAD ./Drivers/STM32L4xx_HAL_Driver/Src/stm32l4xx_hal_gpio.o
LOAD ./Drivers/STM32L4xx_HAL_Driver/Src/stm32l4xx_hal_i2c.o
LOAD ./Drivers/STM32L4xx_HAL_Driver/Src/stm32l4xx_hal_i2c_ex.o
LOAD ./Drivers/STM32L4xx_HAL_Driver/Src/stm32l4xx_hal_pwr.o
LOAD ./Drivers/STM32L4xx_HAL_Driver/Src/stm32l4xx_hal_pwr_ex.o
LOAD ./Drivers/STM32L4xx_HAL_Driver/Src/stm32l4xx_hal_rcc.o
LOAD ./Drivers/STM32L4xx_HAL_Driver/Src/stm32l4xx_hal_rcc_ex.o
LOAD ./Drivers/STM32L4xx_HAL_Driver/Src/stm32l4xx_hal_sai.o
LOAD ./Drivers/STM32L4xx_HAL_Driver/Src/stm32l4xx_hal_sai_ex.o
LOAD ./Drivers/STM32L4xx_HAL_Driver/Src/stm32l4xx_hal_spi.o
LOAD ./Drivers/STM32L4xx_HAL_Driver/Src/stm32l4xx_hal_spi_ex.o
LOAD ./Drivers/STM32L4xx_HAL_Driver/Src/stm32l4xx_hal_uart.o
LOAD ./Drivers/STM32L4xx_HAL_Driver/Src/stm32l4xx_hal_uart_ex.o
LOAD ./FATFS/App/fatfs.o
LOAD ./FATFS/Target/user_diskio.o
LOAD ./Middlewares/Third_Party/FatFs/src/diskio.o
LOAD ./Middlewares/Third_Party/FatFs/src/ff.o
LOAD ./Middlewares/Third_Party/FatFs/src/ff_gen_drv.o
LOAD ./Middlewares/Third_Party/FatFs/src/option/syscall.o
START GROUP
LOAD C:/ST/STM32CubeIDE_2.1.1/STM32CubeIDE/plugins/com.st.stm32cube.ide.mcu.externaltools.gnu-tools-for-stm32.14.3.rel1.win32_1.0.100.202602081740/tools/bin/../lib/gcc/arm-none-eabi/14.3.1/../../../../arm-none-eabi/lib/thumb/v7e-m+fp/hard\libc_nano.a
LOAD C:/ST/STM32CubeIDE_2.1.1/STM32CubeIDE/plugins/com.st.stm32cube.ide.mcu.externaltools.gnu-tools-for-stm32.14.3.rel1.win32_1.0.100.202602081740/tools/bin/../lib/gcc/arm-none-eabi/14.3.1/../../../../arm-none-eabi/lib/thumb/v7e-m+fp/hard\libm.a
END GROUP
START GROUP
LOAD C:/ST/STM32CubeIDE_2.1.1/STM32CubeIDE/plugins/com.st.stm32cube.ide.mcu.externaltools.gnu-tools-for-stm32.14.3.rel1.win32_1.0.100.202602081740/tools/bin/../lib/gcc/arm-none-eabi/14.3.1/thumb/v7e-m+fp/hard\libgcc.a
LOAD C:/ST/STM32CubeIDE_2.1.1/STM32CubeIDE/plugins/com.st.stm32cube.ide.mcu.externaltools.gnu-tools-for-stm32.14.3.rel1.win32_1.0.100.202602081740/tools/bin/../lib/gcc/arm-none-eabi/14.3.1/../../../../arm-none-eabi/lib/thumb/v7e-m+fp/hard\libc_nano.a
END GROUP
START GROUP
LOAD C:/ST/STM32CubeIDE_2.1.1/STM32CubeIDE/plugins/com.st.stm32cube.ide.mcu.externaltools.gnu-tools-for-stm32.14.3.rel1.win32_1.0.100.202602081740/tools/bin/../lib/gcc/arm-none-eabi/14.3.1/thumb/v7e-m+fp/hard\libgcc.a
LOAD C:/ST/STM32CubeIDE_2.1.1/STM32CubeIDE/plugins/com.st.stm32cube.ide.mcu.externaltools.gnu-tools-for-stm32.14.3.rel1.win32_1.0.100.202602081740/tools/bin/../lib/gcc/arm-none-eabi/14.3.1/../../../../arm-none-eabi/lib/thumb/v7e-m+fp/hard\libc_nano.a
LOAD C:/ST/STM32CubeIDE_2.1.1/STM32CubeIDE/plugins/com.st.stm32cube.ide.mcu.externaltools.gnu-tools-for-stm32.14.3.rel1.win32_1.0.100.202602081740/tools/bin/../lib/gcc/arm-none-eabi/14.3.1/../../../../arm-none-eabi/lib/thumb/v7e-m+fp/hard\libnosys.a
END GROUP
START GROUP
LOAD C:/ST/STM32CubeIDE_2.1.1/STM32CubeIDE/plugins/com.st.stm32cube.ide.mcu.externaltools.gnu-tools-for-stm32.14.3.rel1.win32_1.0.100.202602081740/tools/bin/../lib/gcc/arm-none-eabi/14.3.1/thumb/v7e-m+fp/hard\libgcc.a
LOAD C:/ST/STM32CubeIDE_2.1.1/STM32CubeIDE/plugins/com.st.stm32cube.ide.mcu.externaltools.gnu-tools-for-stm32.14.3.rel1.win32_1.0.100.202602081740/tools/bin/../lib/gcc/arm-none-eabi/14.3.1/../../../../arm-none-eabi/lib/thumb/v7e-m+fp/hard\libc_nano.a
LOAD C:/ST/STM32CubeIDE_2.1.1/STM32CubeIDE/plugins/com.st.stm32cube.ide.mcu.externaltools.gnu-tools-for-stm32.14.3.rel1.win32_1.0.100.202602081740/tools/bin/../lib/gcc/arm-none-eabi/14.3.1/../../../../arm-none-eabi/lib/thumb/v7e-m+fp/hard\libnosys.a
END GROUP
LOAD C:/ST/STM32CubeIDE_2.1.1/STM32CubeIDE/plugins/com.st.stm32cube.ide.mcu.externaltools.gnu-tools-for-stm32.14.3.rel1.win32_1.0.100.202602081740/tools/bin/../lib/gcc/arm-none-eabi/14.3.1/thumb/v7e-m+fp/hard/crtend.o
LOAD C:/ST/STM32CubeIDE_2.1.1/STM32CubeIDE/plugins/com.st.stm32cube.ide.mcu.externaltools.gnu-tools-for-stm32.14.3.rel1.win32_1.0.100.202602081740/tools/bin/../lib/gcc/arm-none-eabi/14.3.1/thumb/v7e-m+fp/hard/crtn.o
                0x20018000                        _estack = (ORIGIN (RAM) + LENGTH (RAM))
                0x00000200                        _Min_Heap_Size = 0x200
                0x00000400                        _Min_Stack_Size = 0x400

.isr_vector     0x08000000      0x188
                0x08000000                        . = ALIGN (0x4)
 *(.isr_vector)
 .isr_vector    0x08000000      0x188 ./Core/Startup/startup_stm32l476rgtx.o
                0x08000000                g_pfnVectors
                0x08000188                        . = ALIGN (0x4)

.text           0x08000188     0x51a4
                0x08000188                        . = ALIGN (0x4)
 *(.text)
 .text          0x08000188       0x40 C:/ST/STM32CubeIDE_2.1.1/STM32CubeIDE/plugins/com.st.stm32cube.ide.mcu.externaltools.gnu-tools-for-stm32.14.3.rel1.win32_1.0.100.202602081740/tools/bin/../lib/gcc/arm-none-eabi/14.3.1/thumb/v7e-m+fp/hard/crtbegin.o
 .text          0x080001c8       0x10 C:/ST/STM32CubeIDE_2.1.1/STM32CubeIDE/plugins/com.st.stm32cube.ide.mcu.externaltools.gnu-tools-for-stm32.14.3.rel1.win32_1.0.100.202602081740/tools/bin/../lib/gcc/arm-none-eabi/14.3.1/../../../../arm-none-eabi/lib/thumb/v7e-m+fp/hard\libc_nano.a(libc_a-strlen.o)
                0x080001c8                strlen
 .text          0x080001d8       0x30 C:/ST/STM32CubeIDE_2.1.1/STM32CubeIDE/plugins/com.st.stm32cube.ide.mcu.externaltools.gnu-tools-for-stm32.14.3.rel1.win32_1.0.100.202602081740/tools/bin/../lib/gcc/arm-none-eabi/14.3.1/thumb/v7e-m+fp/hard\libgcc.a(_aeabi_uldivmod.o)
                0x080001d8                __aeabi_uldivmod
 .text          0x08000208      0x2f8 C:/ST/STM32CubeIDE_2.1.1/STM32CubeIDE/plugins/com.st.stm32cube.ide.mcu.externaltools.gnu-tools-for-stm32.14.3.rel1.win32_1.0.100.202602081740/tools/bin/../lib/gcc/arm-none-eabi/14.3.1/thumb/v7e-m+fp/hard\libgcc.a(_udivmoddi4.o)
                0x08000208                __udivmoddi4
 .text          0x08000500        0x4 C:/ST/STM32CubeIDE_2.1.1/STM32CubeIDE/plugins/com.st.stm32cube.ide.mcu.externaltools.gnu-tools-for-stm32.14.3.rel1.win32_1.0.100.202602081740/tools/bin/../lib/gcc/arm-none-eabi/14.3.1/thumb/v7e-m+fp/hard\libgcc.a(_dvmd_tls.o)
                0x08000500                __aeabi_idiv0
                0x08000500                __aeabi_ldiv0
 *(.text*)
 .text.main     0x08000504       0x40 ./Core/Src/main.o
                0x08000504                main
 .text.SystemClock_Config
                0x08000544       0xa2 ./Core/Src/main.o
                0x08000544                SystemClock_Config
 *fill*         0x080005e6        0x2 
 .text.MX_SAI1_Init
                0x080005e8       0x68 ./Core/Src/main.o
 .text.MX_SPI2_Init
                0x08000650       0x7c ./Core/Src/main.o
 .text.MX_USART2_UART_Init
                0x080006cc       0x60 ./Core/Src/main.o
 .text.MX_DMA_Init
                0x0800072c       0x3c ./Core/Src/main.o
 .text.MX_GPIO_Init
                0x08000768       0xdc ./Core/Src/main.o
 .text.HAL_GPIO_EXTI_Callback
                0x08000844       0xc8 ./Core/Src/main.o
                0x08000844                HAL_GPIO_EXTI_Callback
 .text.HAL_SAI_RxCpltCallback
                0x0800090c       0x64 ./Core/Src/main.o
                0x0800090c                HAL_SAI_RxCpltCallback
 .text.Error_Handler
                0x08000970        0xc ./Core/Src/main.o
                0x08000970                Error_Handler
 .text.HAL_MspInit
                0x0800097c       0x48 ./Core/Src/stm32l4xx_hal_msp.o
                0x0800097c                HAL_MspInit
 .text.HAL_SPI_MspInit
                0x080009c4       0xc4 ./Core/Src/stm32l4xx_hal_msp.o
                0x080009c4                HAL_SPI_MspInit
 .text.HAL_UART_MspInit
                0x08000a88       0xb8 ./Core/Src/stm32l4xx_hal_msp.o
                0x08000a88                HAL_UART_MspInit
 .text.HAL_SAI_MspInit
                0x08000b40      0x168 ./Core/Src/stm32l4xx_hal_msp.o
                0x08000b40                HAL_SAI_MspInit
 .text.NMI_Handler
                0x08000ca8        0x8 ./Core/Src/stm32l4xx_it.o
                0x08000ca8                NMI_Handler
 .text.HardFault_Handler
                0x08000cb0        0x8 ./Core/Src/stm32l4xx_it.o
                0x08000cb0                HardFault_Handler
 .text.MemManage_Handler
                0x08000cb8        0x8 ./Core/Src/stm32l4xx_it.o
                0x08000cb8                MemManage_Handler
 .text.BusFault_Handler
                0x08000cc0        0x8 ./Core/Src/stm32l4xx_it.o
                0x08000cc0                BusFault_Handler
 .text.UsageFault_Handler
                0x08000cc8        0x8 ./Core/Src/stm32l4xx_it.o
                0x08000cc8                UsageFault_Handler
 .text.SVC_Handler
                0x08000cd0        0xe ./Core/Src/stm32l4xx_it.o
                0x08000cd0                SVC_Handler
 .text.DebugMon_Handler
                0x08000cde        0xe ./Core/Src/stm32l4xx_it.o
                0x08000cde                DebugMon_Handler
 .text.PendSV_Handler
                0x08000cec        0xe ./Core/Src/stm32l4xx_it.o
                0x08000cec                PendSV_Handler
 .text.SysTick_Handler
                0x08000cfa        0xc ./Core/Src/stm32l4xx_it.o
                0x08000cfa                SysTick_Handler
 .text.EXTI15_10_IRQHandler
                0x08000d06       0x10 ./Core/Src/stm32l4xx_it.o
                0x08000d06                EXTI15_10_IRQHandler
 *fill*         0x08000d16        0x2 
 .text.DMA2_Channel1_IRQHandler
                0x08000d18       0x14 ./Core/Src/stm32l4xx_it.o
                0x08000d18                DMA2_Channel1_IRQHandler
 .text.SystemInit
                0x08000d2c       0x24 ./Core/Src/system_stm32l4xx.o
                0x08000d2c                SystemInit
 .text.Reset_Handler
                0x08000d50       0x50 ./Core/Startup/startup_stm32l476rgtx.o
                0x08000d50                Reset_Handler
 .text.Default_Handler
                0x08000da0        0x2 ./Core/Startup/startup_stm32l476rgtx.o
                0x08000da0                RTC_Alarm_IRQHandler
                0x08000da0                EXTI2_IRQHandler
                0x08000da0                TIM8_TRG_COM_IRQHandler
                0x08000da0                TIM8_CC_IRQHandler
                0x08000da0                TIM1_CC_IRQHandler
                0x08000da0                TSC_IRQHandler
                0x08000da0                TAMP_STAMP_IRQHandler
                0x08000da0                EXTI3_IRQHandler
                0x08000da0                LPTIM2_IRQHandler
                0x08000da0                DFSDM1_FLT1_IRQHandler
                0x08000da0                I2C3_ER_IRQHandler
                0x08000da0                DFSDM1_FLT2_IRQHandler
                0x08000da0                EXTI0_IRQHandler
                0x08000da0                I2C2_EV_IRQHandler
                0x08000da0                CAN1_RX0_IRQHandler
                0x08000da0                FPU_IRQHandler
                0x08000da0                TIM1_UP_TIM16_IRQHandler
                0x08000da0                ADC1_2_IRQHandler
                0x08000da0                SPI1_IRQHandler
                0x08000da0                TIM6_DAC_IRQHandler
                0x08000da0                TIM8_UP_IRQHandler
                0x08000da0                DMA2_Channel2_IRQHandler
                0x08000da0                DMA1_Channel4_IRQHandler
                0x08000da0                SAI2_IRQHandler
                0x08000da0                DFSDM1_FLT3_IRQHandler
                0x08000da0                USART3_IRQHandler
                0x08000da0                DMA1_Channel7_IRQHandler
                0x08000da0                CAN1_RX1_IRQHandler
                0x08000da0                LCD_IRQHandler
                0x08000da0                UART5_IRQHandler
                0x08000da0                ADC3_IRQHandler
                0x08000da0                TIM4_IRQHandler
                0x08000da0                QUADSPI_IRQHandler
                0x08000da0                I2C1_EV_IRQHandler
                0x08000da0                DMA1_Channel6_IRQHandler
                0x08000da0                UART4_IRQHandler
                0x08000da0                DMA2_Channel4_IRQHandler
                0x08000da0                TIM3_IRQHandler
                0x08000da0                RCC_IRQHandler
                0x08000da0                DMA1_Channel1_IRQHandler
                0x08000da0                Default_Handler
                0x08000da0                DMA2_Channel7_IRQHandler
                0x08000da0                TIM7_IRQHandler
                0x08000da0                SDMMC1_IRQHandler
                0x08000da0                TIM5_IRQHandler
                0x08000da0                I2C3_EV_IRQHandler
                0x08000da0                EXTI9_5_IRQHandler
                0x08000da0                RTC_WKUP_IRQHandler
                0x08000da0                PVD_PVM_IRQHandler
                0x08000da0                SPI2_IRQHandler
                0x08000da0                CAN1_TX_IRQHandler
                0x08000da0                DMA2_Channel5_IRQHandler
                0x08000da0                DMA1_Channel5_IRQHandler
                0x08000da0                EXTI4_IRQHandler
                0x08000da0                RNG_IRQHandler
                0x08000da0                TIM1_TRG_COM_TIM17_IRQHandler
                0x08000da0                DMA1_Channel3_IRQHandler
                0x08000da0                COMP_IRQHandler
                0x08000da0                WWDG_IRQHandler
                0x08000da0                LPUART1_IRQHandler
                0x08000da0                DMA2_Channel6_IRQHandler
                0x08000da0                TIM2_IRQHandler
                0x08000da0                EXTI1_IRQHandler
                0x08000da0                USART2_IRQHandler
                0x08000da0                DFSDM1_FLT0_IRQHandler
                0x08000da0                I2C2_ER_IRQHandler
                0x08000da0                DMA1_Channel2_IRQHandler
                0x08000da0                TIM8_BRK_IRQHandler
                0x08000da0                CAN1_SCE_IRQHandler
                0x08000da0                FLASH_IRQHandler
                0x08000da0                USART1_IRQHandler
                0x08000da0                OTG_FS_IRQHandler
                0x08000da0                SPI3_IRQHandler
                0x08000da0                I2C1_ER_IRQHandler
                0x08000da0                FMC_IRQHandler
                0x08000da0                SWPMI1_IRQHandler
                0x08000da0                LPTIM1_IRQHandler
                0x08000da0                SAI1_IRQHandler
                0x08000da0                DMA2_Channel3_IRQHandler
                0x08000da0                TIM1_BRK_TIM15_IRQHandler
 *fill*         0x08000da2        0x2 
 .text.HAL_Init
                0x08000da4       0x40 ./Drivers/STM32L4xx_HAL_Driver/Src/stm32l4xx_hal.o
                0x08000da4                HAL_Init
 .text.HAL_InitTick
                0x08000de4       0x78 ./Drivers/STM32L4xx_HAL_Driver/Src/stm32l4xx_hal.o
                0x08000de4                HAL_InitTick
 .text.HAL_IncTick
                0x08000e5c       0x28 ./Drivers/STM32L4xx_HAL_Driver/Src/stm32l4xx_hal.o
                0x08000e5c                HAL_IncTick
 .text.HAL_GetTick
                0x08000e84       0x18 ./Drivers/STM32L4xx_HAL_Driver/Src/stm32l4xx_hal.o
                0x08000e84                HAL_GetTick
 .text.HAL_Delay
                0x08000e9c       0x48 ./Drivers/STM32L4xx_HAL_Driver/Src/stm32l4xx_hal.o
                0x08000e9c                HAL_Delay
 .text.__NVIC_SetPriorityGrouping
                0x08000ee4       0x48 ./Drivers/STM32L4xx_HAL_Driver/Src/stm32l4xx_hal_cortex.o
 .text.__NVIC_GetPriorityGrouping
                0x08000f2c       0x1c ./Drivers/STM32L4xx_HAL_Driver/Src/stm32l4xx_hal_cortex.o
 .text.__NVIC_EnableIRQ
                0x08000f48       0x3c ./Drivers/STM32L4xx_HAL_Driver/Src/stm32l4xx_hal_cortex.o
 .text.__NVIC_SetPriority
                0x08000f84       0x54 ./Drivers/STM32L4xx_HAL_Driver/Src/stm32l4xx_hal_cortex.o
 .text.NVIC_EncodePriority
                0x08000fd8       0x66 ./Drivers/STM32L4xx_HAL_Driver/Src/stm32l4xx_hal_cortex.o
 *fill*         0x0800103e        0x2 
 .text.SysTick_Config
                0x08001040       0x44 ./Drivers/STM32L4xx_HAL_Driver/Src/stm32l4xx_hal_cortex.o
 .text.HAL_NVIC_SetPriorityGrouping
                0x08001084       0x16 ./Drivers/STM32L4xx_HAL_Driver/Src/stm32l4xx_hal_cortex.o
                0x08001084                HAL_NVIC_SetPriorityGrouping
 .text.HAL_NVIC_SetPriority
                0x0800109a       0x38 ./Drivers/STM32L4xx_HAL_Driver/Src/stm32l4xx_hal_cortex.o
                0x0800109a                HAL_NVIC_SetPriority
 .text.HAL_NVIC_EnableIRQ
                0x080010d2       0x1c ./Drivers/STM32L4xx_HAL_Driver/Src/stm32l4xx_hal_cortex.o
                0x080010d2                HAL_NVIC_EnableIRQ
 .text.HAL_SYSTICK_Config
                0x080010ee       0x18 ./Drivers/STM32L4xx_HAL_Driver/Src/stm32l4xx_hal_cortex.o
                0x080010ee                HAL_SYSTICK_Config
 *fill*         0x08001106        0x2 
 .text.HAL_DMA_Init
                0x08001108      0x170 ./Drivers/STM32L4xx_HAL_Driver/Src/stm32l4xx_hal_dma.o
                0x08001108                HAL_DMA_Init
 .text.HAL_DMA_Start_IT
                0x08001278       0xc6 ./Drivers/STM32L4xx_HAL_Driver/Src/stm32l4xx_hal_dma.o
                0x08001278                HAL_DMA_Start_IT
 *fill*         0x0800133e        0x2 
 .text.HAL_DMA_IRQHandler
                0x08001340      0x18c ./Drivers/STM32L4xx_HAL_Driver/Src/stm32l4xx_hal_dma.o
                0x08001340                HAL_DMA_IRQHandler
 .text.DMA_SetConfig
                0x080014cc       0x60 ./Drivers/STM32L4xx_HAL_Driver/Src/stm32l4xx_hal_dma.o
 .text.HAL_GPIO_Init
                0x0800152c      0x354 ./Drivers/STM32L4xx_HAL_Driver/Src/stm32l4xx_hal_gpio.o
                0x0800152c                HAL_GPIO_Init
 .text.HAL_GPIO_WritePin
                0x08001880       0x30 ./Drivers/STM32L4xx_HAL_Driver/Src/stm32l4xx_hal_gpio.o
                0x08001880                HAL_GPIO_WritePin
 .text.HAL_GPIO_EXTI_IRQHandler
                0x080018b0       0x30 ./Drivers/STM32L4xx_HAL_Driver/Src/stm32l4xx_hal_gpio.o
                0x080018b0                HAL_GPIO_EXTI_IRQHandler
 .text.HAL_PWREx_GetVoltageRange
                0x080018e0       0x1c ./Drivers/STM32L4xx_HAL_Driver/Src/stm32l4xx_hal_pwr_ex.o
                0x080018e0                HAL_PWREx_GetVoltageRange
 .text.HAL_PWREx_ControlVoltageScaling
                0x080018fc       0xac ./Drivers/STM32L4xx_HAL_Driver/Src/stm32l4xx_hal_pwr_ex.o
                0x080018fc                HAL_PWREx_ControlVoltageScaling
 .text.HAL_RCC_OscConfig
                0x080019a8      0x7b8 ./Drivers/STM32L4xx_HAL_Driver/Src/stm32l4xx_hal_rcc.o
                0x080019a8                HAL_RCC_OscConfig
 .text.HAL_RCC_ClockConfig
                0x08002160      0x200 ./Drivers/STM32L4xx_HAL_Driver/Src/stm32l4xx_hal_rcc.o
                0x08002160                HAL_RCC_ClockConfig
 .text.HAL_RCC_GetSysClockFreq
                0x08002360      0x118 ./Drivers/STM32L4xx_HAL_Driver/Src/stm32l4xx_hal_rcc.o
                0x08002360                HAL_RCC_GetSysClockFreq
 .text.HAL_RCC_GetHCLKFreq
                0x08002478       0x18 ./Drivers/STM32L4xx_HAL_Driver/Src/stm32l4xx_hal_rcc.o
                0x08002478                HAL_RCC_GetHCLKFreq
 .text.HAL_RCC_GetPCLK1Freq
                0x08002490       0x2c ./Drivers/STM32L4xx_HAL_Driver/Src/stm32l4xx_hal_rcc.o
                0x08002490                HAL_RCC_GetPCLK1Freq
 .text.HAL_RCC_GetPCLK2Freq
                0x080024bc       0x2c ./Drivers/STM32L4xx_HAL_Driver/Src/stm32l4xx_hal_rcc.o
                0x080024bc                HAL_RCC_GetPCLK2Freq
 .text.RCC_SetFlashLatencyFromMSIRange
                0x080024e8       0xc0 ./Drivers/STM32L4xx_HAL_Driver/Src/stm32l4xx_hal_rcc.o
 .text.HAL_RCCEx_PeriphCLKConfig
                0x080025a8      0x5d4 ./Drivers/STM32L4xx_HAL_Driver/Src/stm32l4xx_hal_rcc_ex.o
                0x080025a8                HAL_RCCEx_PeriphCLKConfig
 .text.HAL_RCCEx_GetPeriphCLKFreq
                0x08002b7c      0xadc ./Drivers/STM32L4xx_HAL_Driver/Src/stm32l4xx_hal_rcc_ex.o
                0x08002b7c                HAL_RCCEx_GetPeriphCLKFreq
 .text.RCCEx_PLLSAI1_Config
                0x08003658      0x1e8 ./Drivers/STM32L4xx_HAL_Driver/Src/stm32l4xx_hal_rcc_ex.o
 .text.RCCEx_PLLSAI2_Config
                0x08003840      0x1bc ./Drivers/STM32L4xx_HAL_Driver/Src/stm32l4xx_hal_rcc_ex.o
 .text.RCCEx_GetSAIxPeriphCLKFreq
                0x080039fc      0x1e0 ./Drivers/STM32L4xx_HAL_Driver/Src/stm32l4xx_hal_rcc_ex.o
 .text.HAL_SAI_InitProtocol
                0x08003bdc       0x62 ./Drivers/STM32L4xx_HAL_Driver/Src/stm32l4xx_hal_sai.o
                0x08003bdc                HAL_SAI_InitProtocol
 *fill*         0x08003c3e        0x2 
 .text.HAL_SAI_Init
                0x08003c40      0x2e4 ./Drivers/STM32L4xx_HAL_Driver/Src/stm32l4xx_hal_sai.o
                0x08003c40                HAL_SAI_Init
 .text.HAL_SAI_Receive_DMA
                0x08003f24      0x11c ./Drivers/STM32L4xx_HAL_Driver/Src/stm32l4xx_hal_sai.o
                0x08003f24                HAL_SAI_Receive_DMA
 .text.HAL_SAI_RxHalfCpltCallback
                0x08004040       0x14 ./Drivers/STM32L4xx_HAL_Driver/Src/stm32l4xx_hal_sai.o
                0x08004040                HAL_SAI_RxHalfCpltCallback
 .text.HAL_SAI_ErrorCallback
                0x08004054       0x14 ./Drivers/STM32L4xx_HAL_Driver/Src/stm32l4xx_hal_sai.o
                0x08004054                HAL_SAI_ErrorCallback
 .text.SAI_InitI2S
                0x08004068      0x164 ./Drivers/STM32L4xx_HAL_Driver/Src/stm32l4xx_hal_sai.o
 .text.SAI_InitPCM
                0x080041cc      0x104 ./Drivers/STM32L4xx_HAL_Driver/Src/stm32l4xx_hal_sai.o
 .text.SAI_InterruptFlag
                0x080042d0       0x6e ./Drivers/STM32L4xx_HAL_Driver/Src/stm32l4xx_hal_sai.o
 *fill*         0x0800433e        0x2 
 .text.SAI_Disable
                0x08004340       0x74 ./Drivers/STM32L4xx_HAL_Driver/Src/stm32l4xx_hal_sai.o
 .text.SAI_DMARxCplt
                0x080043b4       0x5e ./Drivers/STM32L4xx_HAL_Driver/Src/stm32l4xx_hal_sai.o
 .text.SAI_DMARxHalfCplt
                0x08004412       0x1c ./Drivers/STM32L4xx_HAL_Driver/Src/stm32l4xx_hal_sai.o
 .text.SAI_DMAError
                0x0800442e       0x52 ./Drivers/STM32L4xx_HAL_Driver/Src/stm32l4xx_hal_sai.o
 .text.HAL_SPI_Init
                0x08004480      0x146 ./Drivers/STM32L4xx_HAL_Driver/Src/stm32l4xx_hal_spi.o
                0x08004480                HAL_SPI_Init
 .text.HAL_UART_Init
                0x080045c6       0x9c ./Drivers/STM32L4xx_HAL_Driver/Src/stm32l4xx_hal_uart.o
                0x080045c6                HAL_UART_Init
 .text.HAL_UART_Transmit
                0x08004662      0x126 ./Drivers/STM32L4xx_HAL_Driver/Src/stm32l4xx_hal_uart.o
                0x08004662                HAL_UART_Transmit
 .text.UART_SetConfig
                0x08004788      0x570 ./Drivers/STM32L4xx_HAL_Driver/Src/stm32l4xx_hal_uart.o
                0x08004788                UART_SetConfig
 .text.UART_AdvFeatureConfig
                0x08004cf8      0x144 ./Drivers/STM32L4xx_HAL_Driver/Src/stm32l4xx_hal_uart.o
                0x08004cf8                UART_AdvFeatureConfig
 .text.UART_CheckIdleState
                0x08004e3c      0x150 ./Drivers/STM32L4xx_HAL_Driver/Src/stm32l4xx_hal_uart.o
                0x08004e3c                UART_CheckIdleState
 .text.UART_WaitOnFlagUntilTimeout
                0x08004f8c       0xda ./Drivers/STM32L4xx_HAL_Driver/Src/stm32l4xx_hal_uart.o
                0x08004f8c                UART_WaitOnFlagUntilTimeout
 .text.UART_EndRxTransfer
                0x08005066       0xc8 ./Drivers/STM32L4xx_HAL_Driver/Src/stm32l4xx_hal_uart.o
 *fill*         0x0800512e        0x2 
 .text.MX_FATFS_Init
                0x08005130       0x24 ./FATFS/App/fatfs.o
                0x08005130                MX_FATFS_Init
 .text.USER_initialize
                0x08005154       0x28 ./FATFS/Target/user_diskio.o
                0x08005154                USER_initialize
 .text.USER_status
                0x0800517c       0x28 ./FATFS/Target/user_diskio.o
                0x0800517c                USER_status
 .text.USER_read
                0x080051a4       0x1e ./FATFS/Target/user_diskio.o
                0x080051a4                USER_read
 .text.USER_write
                0x080051c2       0x1e ./FATFS/Target/user_diskio.o
                0x080051c2                USER_write
 .text.USER_ioctl
                0x080051e0       0x22 ./FATFS/Target/user_diskio.o
                0x080051e0                USER_ioctl
 *fill*         0x08005202        0x2 
 .text.FATFS_LinkDriverEx
                0x08005204       0x98 ./Middlewares/Third_Party/FatFs/src/ff_gen_drv.o
                0x08005204                FATFS_LinkDriverEx
 .text.FATFS_LinkDriver
                0x0800529c       0x1e ./Middlewares/Third_Party/FatFs/src/ff_gen_drv.o
                0x0800529c                FATFS_LinkDriver
 .text.memset   0x080052ba       0x10 C:/ST/STM32CubeIDE_2.1.1/STM32CubeIDE/plugins/com.st.stm32cube.ide.mcu.externaltools.gnu-tools-for-stm32.14.3.rel1.win32_1.0.100.202602081740/tools/bin/../lib/gcc/arm-none-eabi/14.3.1/../../../../arm-none-eabi/lib/thumb/v7e-m+fp/hard\libc_nano.a(libc_a-memset.o)
                0x080052ba                memset
 *fill*         0x080052ca        0x2 
 .text.__libc_init_array
                0x080052cc       0x48 C:/ST/STM32CubeIDE_2.1.1/STM32CubeIDE/plugins/com.st.stm32cube.ide.mcu.externaltools.gnu-tools-for-stm32.14.3.rel1.win32_1.0.100.202602081740/tools/bin/../lib/gcc/arm-none-eabi/14.3.1/../../../../arm-none-eabi/lib/thumb/v7e-m+fp/hard\libc_nano.a(libc_a-init.o)
                0x080052cc                __libc_init_array
 *(.glue_7)
 .glue_7        0x08005314        0x0 linker stubs
 *(.glue_7t)
 .glue_7t       0x08005314        0x0 linker stubs
 *(.eh_frame)
 .eh_frame      0x08005314        0x0 C:/ST/STM32CubeIDE_2.1.1/STM32CubeIDE/plugins/com.st.stm32cube.ide.mcu.externaltools.gnu-tools-for-stm32.14.3.rel1.win32_1.0.100.202602081740/tools/bin/../lib/gcc/arm-none-eabi/14.3.1/thumb/v7e-m+fp/hard/crtbegin.o
 *(.init)
 .init          0x08005314        0x4 C:/ST/STM32CubeIDE_2.1.1/STM32CubeIDE/plugins/com.st.stm32cube.ide.mcu.externaltools.gnu-tools-for-stm32.14.3.rel1.win32_1.0.100.202602081740/tools/bin/../lib/gcc/arm-none-eabi/14.3.1/thumb/v7e-m+fp/hard/crti.o
                0x08005314                _init
 .init          0x08005318        0x8 C:/ST/STM32CubeIDE_2.1.1/STM32CubeIDE/plugins/com.st.stm32cube.ide.mcu.externaltools.gnu-tools-for-stm32.14.3.rel1.win32_1.0.100.202602081740/tools/bin/../lib/gcc/arm-none-eabi/14.3.1/thumb/v7e-m+fp/hard/crtn.o
 *(.fini)
 .fini          0x08005320        0x4 C:/ST/STM32CubeIDE_2.1.1/STM32CubeIDE/plugins/com.st.stm32cube.ide.mcu.externaltools.gnu-tools-for-stm32.14.3.rel1.win32_1.0.100.202602081740/tools/bin/../lib/gcc/arm-none-eabi/14.3.1/thumb/v7e-m+fp/hard/crti.o
                0x08005320                _fini
 .fini          0x08005324        0x8 C:/ST/STM32CubeIDE_2.1.1/STM32CubeIDE/plugins/com.st.stm32cube.ide.mcu.externaltools.gnu-tools-for-stm32.14.3.rel1.win32_1.0.100.202602081740/tools/bin/../lib/gcc/arm-none-eabi/14.3.1/thumb/v7e-m+fp/hard/crtn.o
                0x0800532c                        . = ALIGN (0x4)
                0x0800532c                        _etext = .

.vfp11_veneer   0x0800532c        0x0
 .vfp11_veneer  0x0800532c        0x0 linker stubs

.v4_bx          0x0800532c        0x0
 .v4_bx         0x0800532c        0x0 linker stubs

.iplt           0x0800532c        0x0
 .iplt          0x0800532c        0x0 C:/ST/STM32CubeIDE_2.1.1/STM32CubeIDE/plugins/com.st.stm32cube.ide.mcu.externaltools.gnu-tools-for-stm32.14.3.rel1.win32_1.0.100.202602081740/tools/bin/../lib/gcc/arm-none-eabi/14.3.1/thumb/v7e-m+fp/hard/crtbegin.o

.rodata         0x0800532c       0x58
                0x0800532c                        . = ALIGN (0x4)
 *(.rodata)
 .rodata        0x0800532c        0xf ./Core/Src/main.o
 *(.rodata*)
 *fill*         0x0800533b        0x1 
 .rodata.AHBPrescTable
                0x0800533c       0x10 ./Core/Src/system_stm32l4xx.o
                0x0800533c                AHBPrescTable
 .rodata.APBPrescTable
                0x0800534c        0x8 ./Core/Src/system_stm32l4xx.o
                0x0800534c                APBPrescTable
 .rodata.MSIRangeTable
                0x08005354       0x30 ./Core/Src/system_stm32l4xx.o
                0x08005354                MSIRangeTable
                0x08005384                        . = ALIGN (0x4)

.ARM.extab      0x08005384        0x0
                0x08005384                        . = ALIGN (0x4)
 *(.ARM.extab* .gnu.linkonce.armextab.*)
                0x08005384                        . = ALIGN (0x4)

.ARM            0x08005384        0x8
                0x08005384                        . = ALIGN (0x4)
                0x08005384                        __exidx_start = .
 *(.ARM.exidx*)
 .ARM.exidx     0x08005384        0x8 C:/ST/STM32CubeIDE_2.1.1/STM32CubeIDE/plugins/com.st.stm32cube.ide.mcu.externaltools.gnu-tools-for-stm32.14.3.rel1.win32_1.0.100.202602081740/tools/bin/../lib/gcc/arm-none-eabi/14.3.1/../../../../arm-none-eabi/lib/thumb/v7e-m+fp/hard\libc_nano.a(libc_a-strlen.o)
 .ARM.exidx     0x0800538c        0x0 C:/ST/STM32CubeIDE_2.1.1/STM32CubeIDE/plugins/com.st.stm32cube.ide.mcu.externaltools.gnu-tools-for-stm32.14.3.rel1.win32_1.0.100.202602081740/tools/bin/../lib/gcc/arm-none-eabi/14.3.1/thumb/v7e-m+fp/hard\libgcc.a(_udivmoddi4.o)
                                  0x8 (size before relaxing)
                0x0800538c                        __exidx_end = .
                0x0800538c                        . = ALIGN (0x4)

.preinit_array  0x0800538c        0x0
                0x0800538c                        . = ALIGN (0x4)
                0x0800538c                        PROVIDE (__preinit_array_start = .)
 *(.preinit_array*)
                0x0800538c                        PROVIDE (__preinit_array_end = .)
                0x0800538c                        . = ALIGN (0x4)

.init_array     0x0800538c        0x4
                0x0800538c                        . = ALIGN (0x4)
                0x0800538c                        PROVIDE (__init_array_start = .)
 *(SORT_BY_NAME(.init_array.*))
 *(.init_array*)
 .init_array    0x0800538c        0x4 C:/ST/STM32CubeIDE_2.1.1/STM32CubeIDE/plugins/com.st.stm32cube.ide.mcu.externaltools.gnu-tools-for-stm32.14.3.rel1.win32_1.0.100.202602081740/tools/bin/../lib/gcc/arm-none-eabi/14.3.1/thumb/v7e-m+fp/hard/crtbegin.o
                0x08005390                        PROVIDE (__init_array_end = .)
                0x08005390                        . = ALIGN (0x4)

.fini_array     0x08005390        0x4
                0x08005390                        . = ALIGN (0x4)
                [!provide]                        PROVIDE (__fini_array_start = .)
 *(SORT_BY_NAME(.fini_array.*))
 *(.fini_array*)
 .fini_array    0x08005390        0x4 C:/ST/STM32CubeIDE_2.1.1/STM32CubeIDE/plugins/com.st.stm32cube.ide.mcu.externaltools.gnu-tools-for-stm32.14.3.rel1.win32_1.0.100.202602081740/tools/bin/../lib/gcc/arm-none-eabi/14.3.1/thumb/v7e-m+fp/hard/crtbegin.o
                [!provide]                        PROVIDE (__fini_array_end = .)
                0x08005394                        . = ALIGN (0x4)
                0x08005394                        _sidata = LOADADDR (.data)

.rel.dyn        0x08005394        0x0
 .rel.iplt      0x08005394        0x0 C:/ST/STM32CubeIDE_2.1.1/STM32CubeIDE/plugins/com.st.stm32cube.ide.mcu.externaltools.gnu-tools-for-stm32.14.3.rel1.win32_1.0.100.202602081740/tools/bin/../lib/gcc/arm-none-eabi/14.3.1/thumb/v7e-m+fp/hard/crtbegin.o

.data           0x20000000       0x20 load address 0x08005394
                0x20000000                        . = ALIGN (0x4)
                0x20000000                        _sdata = .
 *(.data)
 *(.data*)
 .data.SystemCoreClock
                0x20000000        0x4 ./Core/Src/system_stm32l4xx.o
                0x20000000                SystemCoreClock
 .data.uwTickPrio
                0x20000004        0x4 ./Drivers/STM32L4xx_HAL_Driver/Src/stm32l4xx_hal.o
                0x20000004                uwTickPrio
 .data.uwTickFreq
                0x20000008        0x1 ./Drivers/STM32L4xx_HAL_Driver/Src/stm32l4xx_hal.o
                0x20000008                uwTickFreq
 .data.Stat     0x20000009        0x1 ./FATFS/Target/user_diskio.o
 *fill*         0x2000000a        0x2 
 .data.USER_Driver
                0x2000000c       0x14 ./FATFS/Target/user_diskio.o
                0x2000000c                USER_Driver
 *(.RamFunc)
 *(.RamFunc*)
                0x20000020                        . = ALIGN (0x4)
                0x20000020                        _edata = .

.igot.plt       0x20000020        0x0 load address 0x080053b4
 .igot.plt      0x20000020        0x0 C:/ST/STM32CubeIDE_2.1.1/STM32CubeIDE/plugins/com.st.stm32cube.ide.mcu.externaltools.gnu-tools-for-stm32.14.3.rel1.win32_1.0.100.202602081740/tools/bin/../lib/gcc/arm-none-eabi/14.3.1/thumb/v7e-m+fp/hard/crtbegin.o
                0x20000020                        . = ALIGN (0x4)

.bss            0x20000020      0xdf8 load address 0x080053b4
                0x20000020                        _sbss = .
                0x20000020                        __bss_start__ = _sbss
 *(.bss)
 .bss           0x20000020       0x1c C:/ST/STM32CubeIDE_2.1.1/STM32CubeIDE/plugins/com.st.stm32cube.ide.mcu.externaltools.gnu-tools-for-stm32.14.3.rel1.win32_1.0.100.202602081740/tools/bin/../lib/gcc/arm-none-eabi/14.3.1/thumb/v7e-m+fp/hard/crtbegin.o
 *(.bss*)
 .bss.hsai_BlockA1
                0x2000003c       0x84 ./Core/Src/main.o
                0x2000003c                hsai_BlockA1
 .bss.hdma_sai1_a
                0x200000c0       0x48 ./Core/Src/main.o
                0x200000c0                hdma_sai1_a
 .bss.hspi2     0x20000108       0x64 ./Core/Src/main.o
                0x20000108                hspi2
 .bss.huart2    0x2000016c       0x88 ./Core/Src/main.o
                0x2000016c                huart2
 .bss.micBuffer
                0x200001f4      0x800 ./Core/Src/main.o
                0x200001f4                micBuffer
 .bss.pcm16     0x200009f4      0x400 ./Core/Src/main.o
                0x200009f4                pcm16
 .bss.recording
                0x20000df4        0x1 ./Core/Src/main.o
                0x20000df4                recording
 *fill*         0x20000df5        0x3 
 .bss.lastButtonTime
                0x20000df8        0x4 ./Core/Src/main.o
                0x20000df8                lastButtonTime
 .bss.SAI1_client
                0x20000dfc        0x4 ./Core/Src/stm32l4xx_hal_msp.o
 .bss.uwTick    0x20000e00        0x4 ./Drivers/STM32L4xx_HAL_Driver/Src/stm32l4xx_hal.o
                0x20000e00                uwTick
 .bss.retUSER   0x20000e04        0x1 ./FATFS/App/fatfs.o
                0x20000e04                retUSER
 *fill*         0x20000e05        0x3 
 .bss.USERPath  0x20000e08        0x4 ./FATFS/App/fatfs.o
                0x20000e08                USERPath
 .bss.disk      0x20000e0c        0xc ./Middlewares/Third_Party/FatFs/src/ff_gen_drv.o
                0x20000e0c                disk
 *(COMMON)
                0x20000e18                        . = ALIGN (0x4)
                0x20000e18                        _ebss = .
                0x20000e18                        __bss_end__ = _ebss

._user_heap_stack
                0x20000e18      0x600 load address 0x080053b4
                0x20000e18                        . = ALIGN (0x8)
                [!provide]                        PROVIDE (end = .)
                0x20000e18                        PROVIDE (_end = .)
                0x20001018                        . = (. + _Min_Heap_Size)
 *fill*         0x20000e18      0x200 
                0x20001418                        . = (. + _Min_Stack_Size)
 *fill*         0x20001018      0x400 
                0x20001418                        . = ALIGN (0x8)

/DISCARD/
 libc.a(*)
 libm.a(*)
 libgcc.a(*)

.ARM.attributes
                0x00000000       0x30
 *(.ARM.attributes)
 .ARM.attributes
                0x00000000       0x22 C:/ST/STM32CubeIDE_2.1.1/STM32CubeIDE/plugins/com.st.stm32cube.ide.mcu.externaltools.gnu-tools-for-stm32.14.3.rel1.win32_1.0.100.202602081740/tools/bin/../lib/gcc/arm-none-eabi/14.3.1/thumb/v7e-m+fp/hard/crti.o
 .ARM.attributes
                0x00000022       0x34 C:/ST/STM32CubeIDE_2.1.1/STM32CubeIDE/plugins/com.st.stm32cube.ide.mcu.externaltools.gnu-tools-for-stm32.14.3.rel1.win32_1.0.100.202602081740/tools/bin/../lib/gcc/arm-none-eabi/14.3.1/thumb/v7e-m+fp/hard/crtbegin.o
 .ARM.attributes
                0x00000056       0x34 ./Core/Src/main.o
 .ARM.attributes
                0x0000008a       0x34 ./Core/Src/stm32l4xx_hal_msp.o
 .ARM.attributes
                0x000000be       0x34 ./Core/Src/stm32l4xx_it.o
 .ARM.attributes
                0x000000f2       0x34 ./Core/Src/system_stm32l4xx.o
 .ARM.attributes
                0x00000126       0x21 ./Core/Startup/startup_stm32l476rgtx.o
 .ARM.attributes
                0x00000147       0x34 ./Drivers/STM32L4xx_HAL_Driver/Src/stm32l4xx_hal.o
 .ARM.attributes
                0x0000017b       0x34 ./Drivers/STM32L4xx_HAL_Driver/Src/stm32l4xx_hal_cortex.o
 .ARM.attributes
                0x000001af       0x34 ./Drivers/STM32L4xx_HAL_Driver/Src/stm32l4xx_hal_dma.o
 .ARM.attributes
                0x000001e3       0x34 ./Drivers/STM32L4xx_HAL_Driver/Src/stm32l4xx_hal_gpio.o
 .ARM.attributes
                0x00000217       0x34 ./Drivers/STM32L4xx_HAL_Driver/Src/stm32l4xx_hal_pwr_ex.o
 .ARM.attributes
                0x0000024b       0x34 ./Drivers/STM32L4xx_HAL_Driver/Src/stm32l4xx_hal_rcc.o
 .ARM.attributes
                0x0000027f       0x34 ./Drivers/STM32L4xx_HAL_Driver/Src/stm32l4xx_hal_rcc_ex.o
 .ARM.attributes
                0x000002b3       0x34 ./Drivers/STM32L4xx_HAL_Driver/Src/stm32l4xx_hal_sai.o
 .ARM.attributes
                0x000002e7       0x34 ./Drivers/STM32L4xx_HAL_Driver/Src/stm32l4xx_hal_spi.o
 .ARM.attributes
                0x0000031b       0x34 ./Drivers/STM32L4xx_HAL_Driver/Src/stm32l4xx_hal_uart.o
 .ARM.attributes
                0x0000034f       0x34 ./FATFS/App/fatfs.o
 .ARM.attributes
                0x00000383       0x34 ./FATFS/Target/user_diskio.o
 .ARM.attributes
                0x000003b7       0x34 ./Middlewares/Third_Party/FatFs/src/ff_gen_drv.o
 .ARM.attributes
                0x000003eb       0x34 C:/ST/STM32CubeIDE_2.1.1/STM32CubeIDE/plugins/com.st.stm32cube.ide.mcu.externaltools.gnu-tools-for-stm32.14.3.rel1.win32_1.0.100.202602081740/tools/bin/../lib/gcc/arm-none-eabi/14.3.1/../../../../arm-none-eabi/lib/thumb/v7e-m+fp/hard\libc_nano.a(libc_a-memset.o)
 .ARM.attributes
                0x0000041f       0x34 C:/ST/STM32CubeIDE_2.1.1/STM32CubeIDE/plugins/com.st.stm32cube.ide.mcu.externaltools.gnu-tools-for-stm32.14.3.rel1.win32_1.0.100.202602081740/tools/bin/../lib/gcc/arm-none-eabi/14.3.1/../../../../arm-none-eabi/lib/thumb/v7e-m+fp/hard\libc_nano.a(libc_a-init.o)
 .ARM.attributes
                0x00000453       0x17 C:/ST/STM32CubeIDE_2.1.1/STM32CubeIDE/plugins/com.st.stm32cube.ide.mcu.externaltools.gnu-tools-for-stm32.14.3.rel1.win32_1.0.100.202602081740/tools/bin/../lib/gcc/arm-none-eabi/14.3.1/../../../../arm-none-eabi/lib/thumb/v7e-m+fp/hard\libc_nano.a(libc_a-strlen.o)
 .ARM.attributes
                0x0000046a       0x22 C:/ST/STM32CubeIDE_2.1.1/STM32CubeIDE/plugins/com.st.stm32cube.ide.mcu.externaltools.gnu-tools-for-stm32.14.3.rel1.win32_1.0.100.202602081740/tools/bin/../lib/gcc/arm-none-eabi/14.3.1/thumb/v7e-m+fp/hard\libgcc.a(_aeabi_uldivmod.o)
 .ARM.attributes
                0x0000048c       0x34 C:/ST/STM32CubeIDE_2.1.1/STM32CubeIDE/plugins/com.st.stm32cube.ide.mcu.externaltools.gnu-tools-for-stm32.14.3.rel1.win32_1.0.100.202602081740/tools/bin/../lib/gcc/arm-none-eabi/14.3.1/thumb/v7e-m+fp/hard\libgcc.a(_udivmoddi4.o)
 .ARM.attributes
                0x000004c0       0x22 C:/ST/STM32CubeIDE_2.1.1/STM32CubeIDE/plugins/com.st.stm32cube.ide.mcu.externaltools.gnu-tools-for-stm32.14.3.rel1.win32_1.0.100.202602081740/tools/bin/../lib/gcc/arm-none-eabi/14.3.1/thumb/v7e-m+fp/hard\libgcc.a(_dvmd_tls.o)
 .ARM.attributes
                0x000004e2       0x22 C:/ST/STM32CubeIDE_2.1.1/STM32CubeIDE/plugins/com.st.stm32cube.ide.mcu.externaltools.gnu-tools-for-stm32.14.3.rel1.win32_1.0.100.202602081740/tools/bin/../lib/gcc/arm-none-eabi/14.3.1/thumb/v7e-m+fp/hard/crtn.o
OUTPUT(Test_SD_Card.elf elf32-littlearm)
LOAD linker stubs
LOAD C:/ST/STM32CubeIDE_2.1.1/STM32CubeIDE/plugins/com.st.stm32cube.ide.mcu.externaltools.gnu-tools-for-stm32.14.3.rel1.win32_1.0.100.202602081740/tools/bin/../lib/gcc/arm-none-eabi/14.3.1/../../../../arm-none-eabi/lib/thumb/v7e-m+fp/hard\libc.a
LOAD C:/ST/STM32CubeIDE_2.1.1/STM32CubeIDE/plugins/com.st.stm32cube.ide.mcu.externaltools.gnu-tools-for-stm32.14.3.rel1.win32_1.0.100.202602081740/tools/bin/../lib/gcc/arm-none-eabi/14.3.1/../../../../arm-none-eabi/lib/thumb/v7e-m+fp/hard\libm.a
LOAD C:/ST/STM32CubeIDE_2.1.1/STM32CubeIDE/plugins/com.st.stm32cube.ide.mcu.externaltools.gnu-tools-for-stm32.14.3.rel1.win32_1.0.100.202602081740/tools/bin/../lib/gcc/arm-none-eabi/14.3.1/thumb/v7e-m+fp/hard\libgcc.a

.debug_info     0x00000000     0xf23d
 .debug_info    0x00000000     0x180c ./Core/Src/main.o
 .debug_info    0x0000180c     0x143c ./Core/Src/stm32l4xx_hal_msp.o
 .debug_info    0x00002c48      0x3e9 ./Core/Src/stm32l4xx_it.o
 .debug_info    0x00003031      0x5e2 ./Core/Src/system_stm32l4xx.o
 .debug_info    0x00003613       0x30 ./Core/Startup/startup_stm32l476rgtx.o
 .debug_info    0x00003643      0xc4d ./Drivers/STM32L4xx_HAL_Driver/Src/stm32l4xx_hal.o
 .debug_info    0x00004290      0xdad ./Drivers/STM32L4xx_HAL_Driver/Src/stm32l4xx_hal_cortex.o
 .debug_info    0x0000503d      0x71a ./Drivers/STM32L4xx_HAL_Driver/Src/stm32l4xx_hal_dma.o
 .debug_info    0x00005757      0x79f ./Drivers/STM32L4xx_HAL_Driver/Src/stm32l4xx_hal_gpio.o
 .debug_info    0x00005ef6      0x9ca ./Drivers/STM32L4xx_HAL_Driver/Src/stm32l4xx_hal_pwr_ex.o
 .debug_info    0x000068c0      0xc45 ./Drivers/STM32L4xx_HAL_Driver/Src/stm32l4xx_hal_rcc.o
 .debug_info    0x00007505      0xe58 ./Drivers/STM32L4xx_HAL_Driver/Src/stm32l4xx_hal_rcc_ex.o
 .debug_info    0x0000835d     0x11be ./Drivers/STM32L4xx_HAL_Driver/Src/stm32l4xx_hal_sai.o
 .debug_info    0x0000951b     0x1572 ./Drivers/STM32L4xx_HAL_Driver/Src/stm32l4xx_hal_spi.o
 .debug_info    0x0000aa8d     0x3b8e ./Drivers/STM32L4xx_HAL_Driver/Src/stm32l4xx_hal_uart.o
 .debug_info    0x0000e61b      0x505 ./FATFS/App/fatfs.o
 .debug_info    0x0000eb20      0x36c ./FATFS/Target/user_diskio.o
 .debug_info    0x0000ee8c      0x3b1 ./Middlewares/Third_Party/FatFs/src/ff_gen_drv.o

.debug_abbrev   0x00000000     0x2501
 .debug_abbrev  0x00000000      0x2fd ./Core/Src/main.o
 .debug_abbrev  0x000002fd      0x22a ./Core/Src/stm32l4xx_hal_msp.o
 .debug_abbrev  0x00000527      0x198 ./Core/Src/stm32l4xx_it.o
 .debug_abbrev  0x000006bf      0x117 ./Core/Src/system_stm32l4xx.o
 .debug_abbrev  0x000007d6       0x24 ./Core/Startup/startup_stm32l476rgtx.o
 .debug_abbrev  0x000007fa      0x243 ./Drivers/STM32L4xx_HAL_Driver/Src/stm32l4xx_hal.o
 .debug_abbrev  0x00000a3d      0x31c ./Drivers/STM32L4xx_HAL_Driver/Src/stm32l4xx_hal_cortex.o
 .debug_abbrev  0x00000d59      0x1fd ./Drivers/STM32L4xx_HAL_Driver/Src/stm32l4xx_hal_dma.o
 .debug_abbrev  0x00000f56      0x1d1 ./Drivers/STM32L4xx_HAL_Driver/Src/stm32l4xx_hal_gpio.o
 .debug_abbrev  0x00001127      0x1f9 ./Drivers/STM32L4xx_HAL_Driver/Src/stm32l4xx_hal_pwr_ex.o
 .debug_abbrev  0x00001320      0x2dc ./Drivers/STM32L4xx_HAL_Driver/Src/stm32l4xx_hal_rcc.o
 .debug_abbrev  0x000015fc      0x2a5 ./Drivers/STM32L4xx_HAL_Driver/Src/stm32l4xx_hal_rcc_ex.o
 .debug_abbrev  0x000018a1      0x290 ./Drivers/STM32L4xx_HAL_Driver/Src/stm32l4xx_hal_sai.o
 .debug_abbrev  0x00001b31      0x282 ./Drivers/STM32L4xx_HAL_Driver/Src/stm32l4xx_hal_spi.o
 .debug_abbrev  0x00001db3      0x2f3 ./Drivers/STM32L4xx_HAL_Driver/Src/stm32l4xx_hal_uart.o
 .debug_abbrev  0x000020a6      0x171 ./FATFS/App/fatfs.o
 .debug_abbrev  0x00002217      0x14e ./FATFS/Target/user_diskio.o
 .debug_abbrev  0x00002365      0x19c ./Middlewares/Third_Party/FatFs/src/ff_gen_drv.o

.debug_aranges  0x00000000      0xd78
 .debug_aranges
                0x00000000       0x68 ./Core/Src/main.o
 .debug_aranges
                0x00000068       0x50 ./Core/Src/stm32l4xx_hal_msp.o
 .debug_aranges
                0x000000b8       0x70 ./Core/Src/stm32l4xx_it.o
 .debug_aranges
                0x00000128       0x28 ./Core/Src/system_stm32l4xx.o
 .debug_aranges
                0x00000150       0x28 ./Core/Startup/startup_stm32l476rgtx.o
 .debug_aranges
                0x00000178      0x130 ./Drivers/STM32L4xx_HAL_Driver/Src/stm32l4xx_hal.o
 .debug_aranges
                0x000002a8      0x128 ./Drivers/STM32L4xx_HAL_Driver/Src/stm32l4xx_hal_cortex.o
 .debug_aranges
                0x000003d0       0x80 ./Drivers/STM32L4xx_HAL_Driver/Src/stm32l4xx_hal_dma.o
 .debug_aranges
                0x00000450       0x58 ./Drivers/STM32L4xx_HAL_Driver/Src/stm32l4xx_hal_gpio.o
 .debug_aranges
                0x000004a8      0x160 ./Drivers/STM32L4xx_HAL_Driver/Src/stm32l4xx_hal_pwr_ex.o
 .debug_aranges
                0x00000608       0x90 ./Drivers/STM32L4xx_HAL_Driver/Src/stm32l4xx_hal_rcc.o
 .debug_aranges
                0x00000698       0xc0 ./Drivers/STM32L4xx_HAL_Driver/Src/stm32l4xx_hal_rcc_ex.o
 .debug_aranges
                0x00000758      0x178 ./Drivers/STM32L4xx_HAL_Driver/Src/stm32l4xx_hal_sai.o
 .debug_aranges
                0x000008d0      0x1d8 ./Drivers/STM32L4xx_HAL_Driver/Src/stm32l4xx_hal_spi.o
 .debug_aranges
                0x00000aa8      0x228 ./Drivers/STM32L4xx_HAL_Driver/Src/stm32l4xx_hal_uart.o
 .debug_aranges
                0x00000cd0       0x28 ./FATFS/App/fatfs.o
 .debug_aranges
                0x00000cf8       0x40 ./FATFS/Target/user_diskio.o
 .debug_aranges
                0x00000d38       0x40 ./Middlewares/Third_Party/FatFs/src/ff_gen_drv.o

.debug_rnglists
                0x00000000      0xa75
 .debug_rnglists
                0x00000000       0x59 ./Core/Src/main.o
 .debug_rnglists
                0x00000059       0x3a ./Core/Src/stm32l4xx_hal_msp.o
 .debug_rnglists
                0x00000093       0x4f ./Core/Src/stm32l4xx_it.o
 .debug_rnglists
                0x000000e2       0x1a ./Core/Src/system_stm32l4xx.o
 .debug_rnglists
                0x000000fc       0x19 ./Core/Startup/startup_stm32l476rgtx.o
 .debug_rnglists
                0x00000115       0xdf ./Drivers/STM32L4xx_HAL_Driver/Src/stm32l4xx_hal.o
 .debug_rnglists
                0x000001f4       0xda ./Drivers/STM32L4xx_HAL_Driver/Src/stm32l4xx_hal_cortex.o
 .debug_rnglists
                0x000002ce       0x65 ./Drivers/STM32L4xx_HAL_Driver/Src/stm32l4xx_hal_dma.o
 .debug_rnglists
                0x00000333       0x3f ./Drivers/STM32L4xx_HAL_Driver/Src/stm32l4xx_hal_gpio.o
 .debug_rnglists
                0x00000372      0x109 ./Drivers/STM32L4xx_HAL_Driver/Src/stm32l4xx_hal_pwr_ex.o
 .debug_rnglists
                0x0000047b       0x6d ./Drivers/STM32L4xx_HAL_Driver/Src/stm32l4xx_hal_rcc.o
 .debug_rnglists
                0x000004e8       0x95 ./Drivers/STM32L4xx_HAL_Driver/Src/stm32l4xx_hal_rcc_ex.o
 .debug_rnglists
                0x0000057d      0x136 ./Drivers/STM32L4xx_HAL_Driver/Src/stm32l4xx_hal_sai.o
 .debug_rnglists
                0x000006b3      0x178 ./Drivers/STM32L4xx_HAL_Driver/Src/stm32l4xx_hal_spi.o
 .debug_rnglists
                0x0000082b      0x1da ./Drivers/STM32L4xx_HAL_Driver/Src/stm32l4xx_hal_uart.o
 .debug_rnglists
                0x00000a05       0x19 ./FATFS/App/fatfs.o
 .debug_rnglists
                0x00000a1e       0x2b ./FATFS/Target/user_diskio.o
 .debug_rnglists
                0x00000a49       0x2c ./Middlewares/Third_Party/FatFs/src/ff_gen_drv.o

.debug_macro    0x00000000    0x2775d
 .debug_macro   0x00000000      0x36c ./Core/Src/main.o
 .debug_macro   0x0000036c      0xad8 ./Core/Src/main.o
 .debug_macro   0x00000e44      0x1ad ./Core/Src/main.o
 .debug_macro   0x00000ff1       0x2e ./Core/Src/main.o
 .debug_macro   0x0000101f       0x28 ./Core/Src/main.o
 .debug_macro   0x00001047       0x22 ./Core/Src/main.o
 .debug_macro   0x00001069       0x8e ./Core/Src/main.o
 .debug_macro   0x000010f7       0x51 ./Core/Src/main.o
 .debug_macro   0x00001148      0x103 ./Core/Src/main.o
 .debug_macro   0x0000124b       0x6a ./Core/Src/main.o
 .debug_macro   0x000012b5      0x1df ./Core/Src/main.o
 .debug_macro   0x00001494       0x1c ./Core/Src/main.o
 .debug_macro   0x000014b0       0x22 ./Core/Src/main.o
 .debug_macro   0x000014d2       0xfb ./Core/Src/main.o
 .debug_macro   0x000015cd     0x1011 ./Core/Src/main.o
 .debug_macro   0x000025de      0x11f ./Core/Src/main.o
 .debug_macro   0x000026fd    0x1a192 ./Core/Src/main.o
 .debug_macro   0x0001c88f       0x6d ./Core/Src/main.o
 .debug_macro   0x0001c8fc     0x38fb ./Core/Src/main.o
 .debug_macro   0x000201f7      0x190 ./Core/Src/main.o
 .debug_macro   0x00020387       0x5c ./Core/Src/main.o
 .debug_macro   0x000203e3     0x159e ./Core/Src/main.o
 .debug_macro   0x00021981      0x5a5 ./Core/Src/main.o
 .debug_macro   0x00021f26      0x1b9 ./Core/Src/main.o
 .debug_macro   0x000220df      0x18b ./Core/Src/main.o
 .debug_macro   0x0002226a      0x2c4 ./Core/Src/main.o
 .debug_macro   0x0002252e      0x27a ./Core/Src/main.o
 .debug_macro   0x000227a8      0x23d ./Core/Src/main.o
 .debug_macro   0x000229e5      0x241 ./Core/Src/main.o
 .debug_macro   0x00022c26      0x37c ./Core/Src/main.o
 .debug_macro   0x00022fa2       0xd6 ./Core/Src/main.o
 .debug_macro   0x00023078      0x122 ./Core/Src/main.o
 .debug_macro   0x0002319a      0x3ef ./Core/Src/main.o
 .debug_macro   0x00023589      0x447 ./Core/Src/main.o
 .debug_macro   0x000239d0      0x2fe ./Core/Src/main.o
 .debug_macro   0x00023cce      0x5cf ./Core/Src/main.o
 .debug_macro   0x0002429d       0x44 ./Core/Src/main.o
 .debug_macro   0x000242e1      0x330 ./Core/Src/main.o
 .debug_macro   0x00024611       0x5e ./Core/Src/main.o
 .debug_macro   0x0002466f       0xeb ./Core/Src/main.o
 .debug_macro   0x0002475a       0x2a ./Core/Src/main.o
 .debug_macro   0x00024784       0x61 ./Core/Src/main.o
 .debug_macro   0x000247e5       0x43 ./Core/Src/main.o
 .debug_macro   0x00024828       0x34 ./Core/Src/main.o
 .debug_macro   0x0002485c       0x16 ./Core/Src/main.o
 .debug_macro   0x00024872       0x3c ./Core/Src/main.o
 .debug_macro   0x000248ae      0x364 ./Core/Src/main.o
 .debug_macro   0x00024c12       0x16 ./Core/Src/main.o
 .debug_macro   0x00024c28       0x4a ./Core/Src/main.o
 .debug_macro   0x00024c72       0x34 ./Core/Src/main.o
 .debug_macro   0x00024ca6       0x10 ./Core/Src/main.o
 .debug_macro   0x00024cb6       0x58 ./Core/Src/main.o
 .debug_macro   0x00024d0e       0x8e ./Core/Src/main.o
 .debug_macro   0x00024d9c       0x1c ./Core/Src/main.o
 .debug_macro   0x00024db8      0x17e ./Core/Src/main.o
 .debug_macro   0x00024f36       0x16 ./Core/Src/main.o
 .debug_macro   0x00024f4c       0x29 ./Core/Src/main.o
 .debug_macro   0x00024f75       0x12 ./Core/Src/main.o
 .debug_macro   0x00024f87       0xe2 ./Core/Src/main.o
 .debug_macro   0x00025069       0x8e ./Core/Src/main.o
 .debug_macro   0x000250f7       0x1c ./Core/Src/main.o
 .debug_macro   0x00025113       0x10 ./Core/Src/main.o
 .debug_macro   0x00025123       0x1c ./Core/Src/main.o
 .debug_macro   0x0002513f       0x16 ./Core/Src/main.o
 .debug_macro   0x00025155      0x146 ./Core/Src/main.o
 .debug_macro   0x0002529b       0x16 ./Core/Src/main.o
 .debug_macro   0x000252b1       0x20 ./Core/Src/main.o
 .debug_macro   0x000252d1      0x1e9 ./Core/Src/stm32l4xx_hal_msp.o
 .debug_macro   0x000254ba      0x1f3 ./Core/Src/stm32l4xx_it.o
 .debug_macro   0x000256ad      0x1da ./Core/Src/system_stm32l4xx.o
 .debug_macro   0x00025887      0x228 ./Drivers/STM32L4xx_HAL_Driver/Src/stm32l4xx_hal.o
 .debug_macro   0x00025aaf      0x1da ./Drivers/STM32L4xx_HAL_Driver/Src/stm32l4xx_hal_cortex.o
 .debug_macro   0x00025c89      0x1da ./Drivers/STM32L4xx_HAL_Driver/Src/stm32l4xx_hal_dma.o
 .debug_macro   0x00025e63      0x1e1 ./Drivers/STM32L4xx_HAL_Driver/Src/stm32l4xx_hal_gpio.o
 .debug_macro   0x00026044      0x1fe ./Drivers/STM32L4xx_HAL_Driver/Src/stm32l4xx_hal_pwr_ex.o
 .debug_macro   0x00026242      0x21c ./Drivers/STM32L4xx_HAL_Driver/Src/stm32l4xx_hal_rcc.o
 .debug_macro   0x0002645e      0x210 ./Drivers/STM32L4xx_HAL_Driver/Src/stm32l4xx_hal_rcc_ex.o
 .debug_macro   0x0002666e      0x1f7 ./Drivers/STM32L4xx_HAL_Driver/Src/stm32l4xx_hal_sai.o
 .debug_macro   0x00026865      0x1e2 ./Drivers/STM32L4xx_HAL_Driver/Src/stm32l4xx_hal_spi.o
 .debug_macro   0x00026a47      0x205 ./Drivers/STM32L4xx_HAL_Driver/Src/stm32l4xx_hal_uart.o
 .debug_macro   0x00026c4c      0x30e ./FATFS/App/fatfs.o
 .debug_macro   0x00026f5a       0xe5 ./FATFS/App/fatfs.o
 .debug_macro   0x0002703f      0x32b ./FATFS/Target/user_diskio.o
 .debug_macro   0x0002736a       0x10 ./FATFS/Target/user_diskio.o
 .debug_macro   0x0002737a       0x16 ./FATFS/Target/user_diskio.o
 .debug_macro   0x00027390       0x7c ./FATFS/Target/user_diskio.o
 .debug_macro   0x0002740c       0x56 ./FATFS/Target/user_diskio.o
 .debug_macro   0x00027462      0x2fb ./Middlewares/Third_Party/FatFs/src/ff_gen_drv.o

.debug_line     0x00000000    0x1113d
 .debug_line    0x00000000      0xbf4 ./Core/Src/main.o
 .debug_line    0x00000bf4      0x8f7 ./Core/Src/stm32l4xx_hal_msp.o
 .debug_line    0x000014eb      0x857 ./Core/Src/stm32l4xx_it.o
 .debug_line    0x00001d42      0x816 ./Core/Src/system_stm32l4xx.o
 .debug_line    0x00002558       0x7a ./Core/Startup/startup_stm32l476rgtx.o
 .debug_line    0x000025d2      0xb82 ./Drivers/STM32L4xx_HAL_Driver/Src/stm32l4xx_hal.o
 .debug_line    0x00003154      0xd19 ./Drivers/STM32L4xx_HAL_Driver/Src/stm32l4xx_hal_cortex.o
 .debug_line    0x00003e6d      0xd33 ./Drivers/STM32L4xx_HAL_Driver/Src/stm32l4xx_hal_dma.o
 .debug_line    0x00004ba0      0xbd2 ./Drivers/STM32L4xx_HAL_Driver/Src/stm32l4xx_hal_gpio.o
 .debug_line    0x00005772      0xd60 ./Drivers/STM32L4xx_HAL_Driver/Src/stm32l4xx_hal_pwr_ex.o
 .debug_line    0x000064d2     0x10d3 ./Drivers/STM32L4xx_HAL_Driver/Src/stm32l4xx_hal_rcc.o
 .debug_line    0x000075a5     0x15a1 ./Drivers/STM32L4xx_HAL_Driver/Src/stm32l4xx_hal_rcc_ex.o
 .debug_line    0x00008b46     0x1ac0 ./Drivers/STM32L4xx_HAL_Driver/Src/stm32l4xx_hal_sai.o
 .debug_line    0x0000a606     0x205e ./Drivers/STM32L4xx_HAL_Driver/Src/stm32l4xx_hal_spi.o
 .debug_line    0x0000c664     0x2db1 ./Drivers/STM32L4xx_HAL_Driver/Src/stm32l4xx_hal_uart.o
 .debug_line    0x0000f415      0x96c ./FATFS/App/fatfs.o
 .debug_line    0x0000fd81      0x9c7 ./FATFS/Target/user_diskio.o
 .debug_line    0x00010748      0x9f5 ./Middlewares/Third_Party/FatFs/src/ff_gen_drv.o

.debug_str      0x00000000    0xee6be
 .debug_str     0x00000000    0xee6be ./Core/Src/main.o
                              0xeb764 (size before relaxing)
 .debug_str     0x000ee6be    0xe73c7 ./Core/Src/stm32l4xx_hal_msp.o
 .debug_str     0x000ee6be    0xe693b ./Core/Src/stm32l4xx_it.o
 .debug_str     0x000ee6be    0xe6708 ./Core/Src/system_stm32l4xx.o
 .debug_str     0x000ee6be       0x8a ./Core/Startup/startup_stm32l476rgtx.o
 .debug_str     0x000ee6be    0xe731c ./Drivers/STM32L4xx_HAL_Driver/Src/stm32l4xx_hal.o
 .debug_str     0x000ee6be    0xe6f81 ./Drivers/STM32L4xx_HAL_Driver/Src/stm32l4xx_hal_cortex.o
 .debug_str     0x000ee6be    0xe6984 ./Drivers/STM32L4xx_HAL_Driver/Src/stm32l4xx_hal_dma.o
 .debug_str     0x000ee6be    0xe6893 ./Drivers/STM32L4xx_HAL_Driver/Src/stm32l4xx_hal_gpio.o
 .debug_str     0x000ee6be    0xe6c63 ./Drivers/STM32L4xx_HAL_Driver/Src/stm32l4xx_hal_pwr_ex.o
 .debug_str     0x000ee6be    0xe6d4e ./Drivers/STM32L4xx_HAL_Driver/Src/stm32l4xx_hal_rcc.o
 .debug_str     0x000ee6be    0xe6ed9 ./Drivers/STM32L4xx_HAL_Driver/Src/stm32l4xx_hal_rcc_ex.o
 .debug_str     0x000ee6be    0xe6ea5 ./Drivers/STM32L4xx_HAL_Driver/Src/stm32l4xx_hal_sai.o
 .debug_str     0x000ee6be    0xe6f23 ./Drivers/STM32L4xx_HAL_Driver/Src/stm32l4xx_hal_spi.o
 .debug_str     0x000ee6be    0xe7460 ./Drivers/STM32L4xx_HAL_Driver/Src/stm32l4xx_hal_uart.o
 .debug_str     0x000ee6be    0xe9ff9 ./FATFS/App/fatfs.o
 .debug_str     0x000ee6be    0xe9f89 ./FATFS/Target/user_diskio.o
 .debug_str     0x000ee6be    0xe9f59 ./Middlewares/Third_Party/FatFs/src/ff_gen_drv.o

.comment        0x00000000       0x43
 .comment       0x00000000       0x43 ./Core/Src/main.o
                                 0x44 (size before relaxing)
 .comment       0x00000043       0x44 ./Core/Src/stm32l4xx_hal_msp.o
 .comment       0x00000043       0x44 ./Core/Src/stm32l4xx_it.o
 .comment       0x00000043       0x44 ./Core/Src/system_stm32l4xx.o
 .comment       0x00000043       0x44 ./Drivers/STM32L4xx_HAL_Driver/Src/stm32l4xx_hal.o
 .comment       0x00000043       0x44 ./Drivers/STM32L4xx_HAL_Driver/Src/stm32l4xx_hal_cortex.o
 .comment       0x00000043       0x44 ./Drivers/STM32L4xx_HAL_Driver/Src/stm32l4xx_hal_dma.o
 .comment       0x00000043       0x44 ./Drivers/STM32L4xx_HAL_Driver/Src/stm32l4xx_hal_gpio.o
 .comment       0x00000043       0x44 ./Drivers/STM32L4xx_HAL_Driver/Src/stm32l4xx_hal_pwr_ex.o
 .comment       0x00000043       0x44 ./Drivers/STM32L4xx_HAL_Driver/Src/stm32l4xx_hal_rcc.o
 .comment       0x00000043       0x44 ./Drivers/STM32L4xx_HAL_Driver/Src/stm32l4xx_hal_rcc_ex.o
 .comment       0x00000043       0x44 ./Drivers/STM32L4xx_HAL_Driver/Src/stm32l4xx_hal_sai.o
 .comment       0x00000043       0x44 ./Drivers/STM32L4xx_HAL_Driver/Src/stm32l4xx_hal_spi.o
 .comment       0x00000043       0x44 ./Drivers/STM32L4xx_HAL_Driver/Src/stm32l4xx_hal_uart.o
 .comment       0x00000043       0x44 ./FATFS/App/fatfs.o
 .comment       0x00000043       0x44 ./FATFS/Target/user_diskio.o
 .comment       0x00000043       0x44 ./Middlewares/Third_Party/FatFs/src/ff_gen_drv.o

.debug_frame    0x00000000     0x33f4
 .debug_frame   0x00000000      0x14c ./Core/Src/main.o
 .debug_frame   0x0000014c      0x114 ./Core/Src/stm32l4xx_hal_msp.o
 .debug_frame   0x00000260      0x130 ./Core/Src/stm32l4xx_it.o
 .debug_frame   0x00000390       0x50 ./Core/Src/system_stm32l4xx.o
 .debug_frame   0x000003e0      0x424 ./Drivers/STM32L4xx_HAL_Driver/Src/stm32l4xx_hal.o
 .debug_frame   0x00000804      0x49c ./Drivers/STM32L4xx_HAL_Driver/Src/stm32l4xx_hal_cortex.o
 .debug_frame   0x00000ca0      0x1e4 ./Drivers/STM32L4xx_HAL_Driver/Src/stm32l4xx_hal_dma.o
 .debug_frame   0x00000e84      0x130 ./Drivers/STM32L4xx_HAL_Driver/Src/stm32l4xx_hal_gpio.o
 .debug_frame   0x00000fb4      0x4ec ./Drivers/STM32L4xx_HAL_Driver/Src/stm32l4xx_hal_pwr_ex.o
 .debug_frame   0x000014a0      0x200 ./Drivers/STM32L4xx_HAL_Driver/Src/stm32l4xx_hal_rcc.o
 .debug_frame   0x000016a0      0x2d4 ./Drivers/STM32L4xx_HAL_Driver/Src/stm32l4xx_hal_rcc_ex.o
 .debug_frame   0x00001974      0x64c ./Drivers/STM32L4xx_HAL_Driver/Src/stm32l4xx_hal_sai.o
 .debug_frame   0x00001fc0      0x820 ./Drivers/STM32L4xx_HAL_Driver/Src/stm32l4xx_hal_spi.o
 .debug_frame   0x000027e0      0x980 ./Drivers/STM32L4xx_HAL_Driver/Src/stm32l4xx_hal_uart.o
 .debug_frame   0x00003160       0x48 ./FATFS/App/fatfs.o
 .debug_frame   0x000031a8       0xc4 ./FATFS/Target/user_diskio.o
 .debug_frame   0x0000326c       0xbc ./Middlewares/Third_Party/FatFs/src/ff_gen_drv.o
 .debug_frame   0x00003328       0x20 C:/ST/STM32CubeIDE_2.1.1/STM32CubeIDE/plugins/com.st.stm32cube.ide.mcu.externaltools.gnu-tools-for-stm32.14.3.rel1.win32_1.0.100.202602081740/tools/bin/../lib/gcc/arm-none-eabi/14.3.1/../../../../arm-none-eabi/lib/thumb/v7e-m+fp/hard\libc_nano.a(libc_a-memset.o)
 .debug_frame   0x00003348       0x2c C:/ST/STM32CubeIDE_2.1.1/STM32CubeIDE/plugins/com.st.stm32cube.ide.mcu.externaltools.gnu-tools-for-stm32.14.3.rel1.win32_1.0.100.202602081740/tools/bin/../lib/gcc/arm-none-eabi/14.3.1/../../../../arm-none-eabi/lib/thumb/v7e-m+fp/hard\libc_nano.a(libc_a-init.o)
 .debug_frame   0x00003374       0x20 C:/ST/STM32CubeIDE_2.1.1/STM32CubeIDE/plugins/com.st.stm32cube.ide.mcu.externaltools.gnu-tools-for-stm32.14.3.rel1.win32_1.0.100.202602081740/tools/bin/../lib/gcc/arm-none-eabi/14.3.1/../../../../arm-none-eabi/lib/thumb/v7e-m+fp/hard\libc_nano.a(libc_a-strlen.o)
 .debug_frame   0x00003394       0x2c C:/ST/STM32CubeIDE_2.1.1/STM32CubeIDE/plugins/com.st.stm32cube.ide.mcu.externaltools.gnu-tools-for-stm32.14.3.rel1.win32_1.0.100.202602081740/tools/bin/../lib/gcc/arm-none-eabi/14.3.1/thumb/v7e-m+fp/hard\libgcc.a(_aeabi_uldivmod.o)
 .debug_frame   0x000033c0       0x34 C:/ST/STM32CubeIDE_2.1.1/STM32CubeIDE/plugins/com.st.stm32cube.ide.mcu.externaltools.gnu-tools-for-stm32.14.3.rel1.win32_1.0.100.202602081740/tools/bin/../lib/gcc/arm-none-eabi/14.3.1/thumb/v7e-m+fp/hard\libgcc.a(_udivmoddi4.o)

.debug_line_str
                0x00000000       0x6e
 .debug_line_str
                0x00000000       0x6e ./Core/Startup/startup_stm32l476rgtx.o
